<html>
<body>
<pre>
<h1>µVision Build Log</h1>
<h2>Tool Versions:</h2>
IDE-Version: µVision V5.25.3.0
Copyright (C) 2018 ARM Ltd and ARM Germany GmbH. All rights reserved.
License Information: a a, a, LIC=KIVNB-2T42G-68PFC-7MGN4-3XTR7-8CURD
 
Tool Versions:
Toolchain:       MDK-ARM Professional  Version: 5.33.0.0
Toolchain Path:  C:\Keil_v5\ARM\ARMCC\Bin
C Compiler:      Armcc.exe V5.06 update 7 (build 960)
Assembler:       Armasm.exe V5.06 update 7 (build 960)
Linker/Locator:  ArmLink.exe V5.06 update 7 (build 960)
Library Manager: ArmAr.exe V5.06 update 7 (build 960)
Hex Converter:   FromElf.exe V5.06 update 7 (build 960)
CPU DLL:         SARMCM3.DLL V5.33.0.0
Dialog DLL:      DARMCM1.DLL V1.19.4.0
Target DLL:      UL2CM3.DLL V1.163.9.0
Dialog DLL:      TARMCM1.DLL V1.14.3.0
 
<h2>Project:</h2>
C:\Users\phamx\Google Drive (data.xuanhaihp1987@gmail.com)\MY PROJECT\BDC\TONG HOP DU AN\2022\THANG 3\ADC_Out\MDK-ARM\Project.uvprojx
Project File Date:  03/23/2022

<h2>Output:</h2>
*** Using Compiler 'V5.06 update 7 (build 960)', folder: 'C:\Keil_v5\ARM\ARMCC\Bin'
Build target 'Target 1'
compiling main.c...
main.c(7): warning:  #1-D: last line of file ends without a newline
  }
main.c: 1 warning, 0 errors
linking...
Program Size: Code=304 RO-data=204 RW-data=0 ZI-data=1632  
".\Objects\Project.axf" - 0 Error(s), 1 Warning(s).

<h2>Software Packages used:</h2>

Package Vendor: ARM
                http://www.keil.com/pack/ARM.CMSIS.5.7.0.pack
                ARM.CMSIS.5.7.0
                CMSIS (Cortex Microcontroller Software Interface Standard)
   * Component: CORE Version: 5.4.0

Package Vendor: Keil
                http://www.keil.com/pack/Keil.STM32F0xx_DFP.2.1.0.pack
                Keil.STM32F0xx_DFP.2.1.0
                STMicroelectronics STM32F0 Series Device Support, Drivers and Examples
   * Component: COMMON Version: 1.11.0
   * Component: GPIO Version: 1.11.0
   * Component: PWR Version: 1.11.0
   * Component: RCC Version: 1.11.0
   * Component: UTILS Version: 1.11.0
   * Component: Startup Version: 1.0.0

<h2>Collection of Component include folders:</h2>
  .\RTE\_Target_1
  C:\Users\phamx\AppData\Local\Arm\Packs\ARM\CMSIS\5.7.0\CMSIS\Core\Include
  C:\Users\phamx\AppData\Local\Arm\Packs\Keil\STM32F0xx_DFP\2.1.0\Drivers\CMSIS\Device\ST\STM32F0xx\Include
  C:\Users\phamx\AppData\Local\Arm\Packs\Keil\STM32F0xx_DFP\2.1.0\Drivers\STM32F0xx_HAL_Driver\Inc
  C:\Users\phamx\AppData\Local\Arm\Packs\Keil\STM32F0xx_DFP\2.1.0\Drivers\STM32F0xx_HAL_Driver\Inc\Legacy

<h2>Collection of Component Files used:</h2>

   * Component: ARM::CMSIS:CORE:5.4.0

   * Component: Keil.Standalone::Device:STM32Cube LL:COMMON:1.11.0
      Source file:   MDK\Driver\stm32f0xx_ll.c
      Source file:   MDK\Templates_LL\Src\stm32f0xx_it.c
      Include file:  MDK\Templates_LL\Inc\main.h
      Source file:   MDK\Templates_LL\Src\main.c
      Include file:  MDK\Templates_LL\Inc\stm32f0xx_it.h
      Include file:  MDK\Templates_LL\Inc\stm32_assert.h

   * Component: Keil.Standalone::Device:STM32Cube LL:GPIO:1.11.0
      Source file:   Drivers\STM32F0xx_HAL_Driver\Src\stm32f0xx_ll_gpio.c

   * Component: Keil.Standalone::Device:STM32Cube LL:PWR:1.11.0
      Source file:   Drivers\STM32F0xx_HAL_Driver\Src\stm32f0xx_ll_pwr.c

   * Component: Keil.Standalone::Device:STM32Cube LL:RCC:1.11.0
      Source file:   Drivers\STM32F0xx_HAL_Driver\Src\stm32f0xx_ll_rcc.c

   * Component: Keil.Standalone::Device:STM32Cube LL:UTILS:1.11.0
      Source file:   Drivers\STM32F0xx_HAL_Driver\Src\stm32f0xx_ll_utils.c

   * Component: Keil.Standalone::Device:Startup:1.0.0
      Include file:  Drivers\CMSIS\Device\ST\STM32F0xx\Include\stm32f0xx.h
      Source file:   MDK\Device\Source\ARM\STM32F0xx_OPT.s
      Source file:   Drivers\CMSIS\Device\ST\STM32F0xx\Source\Templates\arm\startup_stm32f051x8.s
      Source file:   Drivers\CMSIS\Device\ST\STM32F0xx\Source\Templates\system_stm32f0xx.c
Build Time Elapsed:  00:00:00
</pre>
</body>
</html>
